// Jest Snapshot v1, https://goo.gl/fbAQLP

exports[`<Button /> should render Button component (snapshot) 1`] = `
<DocumentFragment>
  <button
    class="root"
    type="button"
  >
    text_mock
  </button>
</DocumentFragment>
`;
